// Jest Snapshot v1, https://goo.gl/fbAQLP

exports[`FileSelector render matches current snapshop 1`] = `
<form
  className="makeStyles-form-1"
  onReset={[Function]}
  onSubmit={[Function]}
>
  <div
    className="makeStyles-title-2"
  >
    <h3
      className="MuiTypography-root MuiTypography-h3"
    >
      File Loader
    </h3>
    <p
      className="MuiTypography-root MuiTypography-body1"
    >
      Select a file using the button below
      . The selected file name will be displayed once selected.
    </p>
  </div>
  <div
    className="makeStyles-fileSelect-3"
  >
    <button
      className="MuiButtonBase-root MuiButton-root MuiButton-outlined MuiButton-outlinedPrimary"
      disabled={false}
      onBlur={[Function]}
      onDragLeave={[Function]}
      onFocus={[Function]}
      onKeyDown={[Function]}
      onKeyUp={[Function]}
      onMouseDown={[Function]}
      onMouseLeave={[Function]}
      onMouseUp={[Function]}
      onTouchEnd={[Function]}
      onTouchMove={[Function]}
      onTouchStart={[Function]}
      tabIndex={0}
      type="button"
    >
      <span
        className="MuiButton-label"
      >
        <label
          htmlFor="file-upload-input"
        >
          Select File
        </label>
      </span>
      <span
        className="MuiTouchRipple-root"
      />
    </button>
    <p
      className="MuiTypography-root makeStyles-fileName-7 MuiTypography-body1"
    >
      No File Selected
    </p>
    <input
      className="makeStyles-hiddenInput-6"
      id="file-upload-input"
      name="file-upload-input"
      onChange={[Function]}
      type="file"
    />
  </div>
  <div
    className="makeStyles-dropLoader-4"
  >
    <div
      className="makeStyles-dropContainer-11"
      data-testid="drop-selector"
      onDragEnter={[Function]}
      onDragLeave={[Function]}
      onDragOver={[Function]}
      onDrop={[Function]}
    >
      <svg
        aria-hidden={true}
        className="MuiSvgIcon-root makeStyles-dropIcon-13"
        focusable="false"
        viewBox="0 0 24 24"
      >
        <path
          d="M19 9h-4V3H9v6H5l7 7 7-7zM5 18v2h14v-2H5z"
        />
      </svg>
    </div>
  </div>
  <div
    className="makeStyles-actionButtons-5"
  >
    <button
      className="MuiButtonBase-root MuiButton-root MuiButton-contained makeStyles-formButton-8 makeStyles-submitButton-9 MuiButton-containedPrimary Mui-disabled Mui-disabled"
      disabled={true}
      onBlur={[Function]}
      onDragLeave={[Function]}
      onFocus={[Function]}
      onKeyDown={[Function]}
      onKeyUp={[Function]}
      onMouseDown={[Function]}
      onMouseLeave={[Function]}
      onMouseUp={[Function]}
      onTouchEnd={[Function]}
      onTouchMove={[Function]}
      onTouchStart={[Function]}
      tabIndex={-1}
      type="submit"
    >
      <span
        className="MuiButton-label"
      >
        Load
      </span>
    </button>
    <button
      className="MuiButtonBase-root MuiButton-root MuiButton-contained makeStyles-formButton-8 makeStyles-resetButton-10 Mui-disabled Mui-disabled"
      disabled={true}
      onBlur={[Function]}
      onDragLeave={[Function]}
      onFocus={[Function]}
      onKeyDown={[Function]}
      onKeyUp={[Function]}
      onMouseDown={[Function]}
      onMouseLeave={[Function]}
      onMouseUp={[Function]}
      onTouchEnd={[Function]}
      onTouchMove={[Function]}
      onTouchStart={[Function]}
      tabIndex={-1}
      type="reset"
    >
      <span
        className="MuiButton-label"
      >
        Reset
      </span>
    </button>
  </div>
</form>
`;
